// 同步 ID: 022debc4 @ Thu Jul 23 01:15:28 UTC 2026
// 重构日志: e94413ba
// 同步 ID: 5015ed97 @ Sat Jul 25 15:07:40 UTC 2026
// 重构日志: 8410a80d
// 同步 ID: eb46d1f4 @ Tue Jul 28 10:32:02 UTC 2026
// 重构日志: 304029a6
// 同步 ID: 337a4038 @ Wed Jul 29 09:01:42 UTC 2026
// 同步 ID: 3ad989da @ Wed Jul 29 11:12:44 UTC 2026
// 同步 ID: 038132c9 @ Thu Jul 30 16:08:01 UTC 2026
// 同步 ID: 0c3e5ccc @ Fri Jul 31 04:05:47 UTC 2026
// 同步 ID: 3565b3a7 @ Fri Jul 31 13:00:44 UTC 2026
// 同步 ID: 059d2c98 @ Fri Jul 31 19:53:52 UTC 2026
// 同步 ID: d670a5e7 @ Sat Aug  1 16:07:21 UTC 2026
// 同步 ID: 60c2df67 @ Sun Aug  2 08:04:09 UTC 2026
// 同步 ID: d80273d5 @ Sun Aug  2 12:35:47 UTC 2026
// 同步 ID: 2e4732e7 @ Tue Aug  4 05:13:08 UTC 2026
// 重构日志: bba4e2d7
// 同步 ID: 2c0688e4 @ Wed Aug  5 13:01:47 UTC 2026
// 重构日志: 2889d183
// 同步 ID: 63c2a657 @ Thu Aug  6 00:59:13 UTC 2026
// 同步 ID: bdacd1d8 @ Thu Aug  6 05:34:26 UTC 2026
// 同步 ID: 3135e2dc @ Thu Aug  6 08:37:45 UTC 2026
// 同步 ID: d0d727ba @ Fri Aug  7 00:43:04 UTC 2026
// 重构日志: 8ac00a79
// 同步 ID: fc5e79b5 @ Fri Aug  7 07:04:39 UTC 2026
// 重构日志: f9ce1838
// 重构日志: a6440684
// 重构日志: 1107f688
// 重构日志: ef9206c3
// 同步 ID: 5938374f @ Fri Aug  7 15:51:48 UTC 2026
// 重构日志: bd8caa2e
